Running case 1: PICNIC - Very short (2h), very early morning
[TripBrain] trip season: winter
[TripBrain] destination resolved: Jaipur, Rajasthan (exact)
[TripBrain] candidates retrieved: 24 places (season: winter, accessibility: none)
[TripBrain] generating deterministic fallback itinerary
[TripBrain] Dropping Amer Fort: would exceed closing time
Running case 2: PICNIC - 2h midday
[TripBrain] trip season: winter
[TripBrain] destination resolved: Jaipur, Rajasthan (exact)
[TripBrain] candidates retrieved: 24 places (season: winter, accessibility: none)
[TripBrain] generating deterministic fallback itinerary
[TripBrain] Dropping Amer Fort: would exceed closing time
Running case 3: PICNIC - 6h afternoon/evening
[TripBrain] trip season: winter
[TripBrain] destination resolved: Jaipur, Rajasthan (exact)
[TripBrain] candidates retrieved: 24 places (season: winter, accessibility: none)
[TripBrain] generating deterministic fallback itinerary
[TripBrain] Dropping Hawa Mahal: would exceed closing time
Running case 4: PICNIC - 12h
[TripBrain] trip season: winter
[TripBrain] destination resolved: Jaipur, Rajasthan (exact)
[TripBrain] candidates retrieved: 24 places (season: winter, accessibility: none)
[TripBrain] generating deterministic fallback itinerary
Running case 5: DAY_TRIP - Very short (2h) day trip
[TripBrain] trip season: winter
[TripBrain] destination resolved: Jaipur, Rajasthan (exact)
[TripBrain] candidates retrieved: 24 places (season: winter, accessibility: none)
[TripBrain] generating deterministic fallback itinerary
[TripBrain] Dropping Amer Fort: would exceed closing time
Running case 6: DAY_TRIP - Standard 12h full day
[TripBrain] trip season: winter
[TripBrain] destination resolved: Jaipur, Rajasthan (exact)
[TripBrain] candidates retrieved: 24 places (season: winter, accessibility: none)
[TripBrain] generating deterministic fallback itinerary
[TripBrain] Dropping City Palace: would exceed closing time
[TripBrain] Dropping Lassiwala — Old City Lassi: would exceed closing time
Running case 7: DAY_TRIP - Very short, very late
[TripBrain] trip season: winter
[TripBrain] destination resolved: Jaipur, Rajasthan (exact)
[TripBrain] candidates retrieved: 24 places (season: winter, accessibility: none)
[TripBrain] generating deterministic fallback itinerary
[TripBrain] Dropping Amer Fort: would exceed closing time
Running case 8: OVERNIGHT - Already tested 14:00
[TripBrain] trip season: winter
[TripBrain] destination resolved: Jaipur, Rajasthan (exact)
[TripBrain] candidates retrieved: 24 places (season: winter, accessibility: none)
[TripBrain] generating deterministic fallback itinerary
[TripBrain] Dropping Hawa Mahal: would exceed closing time
[TripBrain] Dropping City Palace: would exceed closing time
[TripBrain] Dropping Lassiwala — Old City Lassi: would exceed closing time
[TripBrain] Dropping Jaipur Street Food Walk: would exceed closing time
Running case 9: OVERNIGHT - Late-night start
[TripBrain] trip season: winter
[TripBrain] destination resolved: Jaipur, Rajasthan (exact)
[TripBrain] candidates retrieved: 24 places (season: winter, accessibility: none)
[TripBrain] generating deterministic fallback itinerary
[TripBrain] Dropping Amer Fort: would exceed closing time
[TripBrain] Dropping Hawa Mahal: would exceed closing time
[TripBrain] Dropping Chokhi Dhani Village Restaurant: would exceed closing time
[TripBrain] Dropping City Palace: would exceed closing time
[TripBrain] Dropping Lassiwala — Old City Lassi: would exceed closing time
[TripBrain] Dropping Jaipur Street Food Walk: would exceed closing time
Running case 10: OVERNIGHT - Early-morning start
[TripBrain] trip season: winter
[TripBrain] destination resolved: Jaipur, Rajasthan (exact)
[TripBrain] candidates retrieved: 24 places (season: winter, accessibility: none)
[TripBrain] generating deterministic fallback itinerary
[TripBrain] Dropping City Palace: would exceed closing time
[TripBrain] Dropping Lassiwala — Old City Lassi: would exceed closing time
[TripBrain] Dropping Jantar Mantar: would exceed closing time
[TripBrain] Dropping Jal Mahal: would exceed closing time
[TripBrain] Dropping Nahargarh Fort: would exceed closing time
[TripBrain] Dropping Jaipur Street Food Walk: would exceed closing time
[TripBrain] Dropping Jaigarh Fort: would exceed closing time
Running case 11: OVERNIGHT - Midday start
[TripBrain] trip season: winter
[TripBrain] destination resolved: Jaipur, Rajasthan (exact)
[TripBrain] candidates retrieved: 24 places (season: winter, accessibility: none)
[TripBrain] generating deterministic fallback itinerary
[TripBrain] Dropping City Palace: would exceed closing time
[TripBrain] Dropping Lassiwala — Old City Lassi: would exceed closing time
[TripBrain] Dropping Nahargarh Fort: would exceed closing time
[TripBrain] Dropping Jaipur Street Food Walk: would exceed closing time
[TripBrain] Dropping Jaigarh Fort: would exceed closing time
Running case 12: WEEKEND - Friday evening arrival, Sunday evening departure
[TripBrain] trip season: winter
[TripBrain] destination resolved: Jaipur, Rajasthan (exact)
[TripBrain] candidates retrieved: 24 places (season: winter, accessibility: none)
[TripBrain] generating deterministic fallback itinerary
[TripBrain] Dropping Amer Fort: would exceed closing time
[TripBrain] Dropping Hawa Mahal: would exceed closing time
[TripBrain] Dropping City Palace: would exceed closing time
[TripBrain] Dropping Lassiwala — Old City Lassi: would exceed closing time
[TripBrain] Dropping Jaipur Street Food Walk: would exceed closing time
Running case 13: WEEKEND - Weekend starting Saturday morning
[TripBrain] trip season: winter
[TripBrain] destination resolved: Jaipur, Rajasthan (exact)
[TripBrain] candidates retrieved: 24 places (season: winter, accessibility: none)
[TripBrain] generating deterministic fallback itinerary
[TripBrain] Dropping City Palace: would exceed closing time
[TripBrain] Dropping Lassiwala — Old City Lassi: would exceed closing time
[TripBrain] Dropping Jantar Mantar: would exceed closing time
[TripBrain] Dropping Jal Mahal: would exceed closing time
[TripBrain] Dropping Nahargarh Fort: would exceed closing time
[TripBrain] Dropping Jaipur Street Food Walk: would exceed closing time
[TripBrain] Dropping Jaigarh Fort: would exceed closing time
Running case 14: MULTI_DAY - Standard multi-day (3 days)
[TripBrain] trip season: winter
[TripBrain] destination resolved: Jaipur, Rajasthan (exact)
[TripBrain] candidates retrieved: 24 places (season: winter, accessibility: none)
[TripBrain] generating deterministic fallback itinerary
[TripBrain] Dropping Chokhi Dhani Village Restaurant: would exceed closing time
[TripBrain] Dropping City Palace: would exceed closing time
[TripBrain] Dropping Lassiwala — Old City Lassi: would exceed closing time
[TripBrain] Dropping Jaipur Street Food Walk: would exceed closing time
Running case 15: MULTI_DAY - Longer multi-day (5 days)
[TripBrain] trip season: winter
[TripBrain] destination resolved: Jaipur, Rajasthan (exact)
[TripBrain] candidates retrieved: 24 places (season: winter, accessibility: none)
[TripBrain] generating deterministic fallback itinerary
[TripBrain] Dropping Chokhi Dhani Village Restaurant: would exceed closing time
[TripBrain] Dropping City Palace: would exceed closing time
[TripBrain] Dropping Lassiwala — Old City Lassi: would exceed closing time
[TripBrain] Dropping Jaipur Street Food Walk: would exceed closing time
[TripBrain] Dropping Chokhi Dhani: would exceed closing time
[TripBrain] Dropping Birla Mandir: would exceed closing time
[TripBrain] Dropping Moti Dungri: would exceed closing time
[TripBrain] Dropping Raj Mandir Cinema: would exceed closing time
[TripBrain] Dropping Jawahar Kala Kendra: would exceed closing time
Running case 16: MULTI_DAY - Partial start/end days
[TripBrain] trip season: winter
[TripBrain] destination resolved: Jaipur, Rajasthan (exact)
[TripBrain] candidates retrieved: 24 places (season: winter, accessibility: none)
[TripBrain] generating deterministic fallback itinerary
[TripBrain] Dropping Chokhi Dhani Village Restaurant: would exceed closing time
[TripBrain] Dropping City Palace: would exceed closing time
[TripBrain] Dropping Lassiwala — Old City Lassi: would exceed closing time
[TripBrain] Dropping Jaipur Street Food Walk: would exceed closing time
[TripBrain] Dropping Chokhi Dhani: would exceed closing time
[TripBrain] Dropping Birla Mandir: would exceed closing time
[TripBrain] Dropping Moti Dungri: would exceed closing time
[TripBrain] Dropping Raj Mandir Cinema: would exceed closing time
[TripBrain] Dropping Jawahar Kala Kendra: would exceed closing time
Running case 17: DAY_TRIP - Destination with very few candidate places
[TripBrain] trip season: winter
[TripBrain] destination resolved: Dawki, Meghalaya (exact)
[TripBrain] candidates retrieved: 7 places (season: winter, accessibility: none)
[TripBrain] generating deterministic fallback itinerary
Running case 18: DAY_TRIP - Destination name requiring alias resolution combined with short-window
[TripBrain] trip season: winter
[TripBrain] destination resolved: Jaipur, Rajasthan (alias)
[TripBrain] candidates retrieved: 24 places (season: winter, accessibility: none)
[TripBrain] generating deterministic fallback itinerary
[TripBrain] Dropping Chokhi Dhani Village Restaurant: would exceed closing time

--- MATRIX SUMMARY ---
Row 1: [PASS] Count: 0, OutOfWindow: false, Overlap: false
Row 2: [PASS] Count: 0, OutOfWindow: false, Overlap: false
Row 3: [PASS] Count: 2, OutOfWindow: false, Overlap: false
Row 4: [PASS] Count: 3, OutOfWindow: false, Overlap: false
Row 5: [PASS] Count: 0, OutOfWindow: false, Overlap: false
Row 6: [PASS] Count: 3, OutOfWindow: false, Overlap: false
Row 7: [PASS] Count: 0, OutOfWindow: false, Overlap: false
Row 8: [PASS] Count: 6, OutOfWindow: false, Overlap: false
Row 9: [PASS] Count: 4, OutOfWindow: false, Overlap: false
Row 10: [PASS] Count: 3, OutOfWindow: false, Overlap: false
Row 11: [PASS] Count: 5, OutOfWindow: false, Overlap: false
Row 12: [PASS] Count: 5, OutOfWindow: false, Overlap: false
Row 13: [PASS] Count: 3, OutOfWindow: false, Overlap: false
Row 14: [PASS] Count: 11, OutOfWindow: false, Overlap: false
Row 15: [PASS] Count: 15, OutOfWindow: false, Overlap: false
Row 16: [PASS] Count: 11, OutOfWindow: false, Overlap: false
Row 17: [PASS] Count: 5, OutOfWindow: false, Overlap: false
Row 18: [PASS] Count: 2, OutOfWindow: false, Overlap: false
